--------------------------------------------------------------------------------
Release 14.7 Trace  (lin64)
Copyright (c) 1995-2013 Xilinx, Inc.  All rights reserved.

/home/vanshita/Downloads/Xilinx/14.7/ISE_DS/ISE/bin/lin64/unwrapped/trce
-intstyle ise -v 3 -s 1 -n 3 -fastpaths -xml barrel_shifter.twx
barrel_shifter.ncd -o barrel_shifter.twr barrel_shifter.pcf

Design file:              barrel_shifter.ncd
Physical constraint file: barrel_shifter.pcf
Device,package,speed:     xc7a100t,csg324,C,-1 (PRODUCTION 1.10 2013-10-13)
Report level:             verbose report

Environment Variable      Effect 
--------------------      ------ 
NONE                      No environment variables were set
--------------------------------------------------------------------------------

INFO:Timing:2698 - No timing constraints found, doing default enumeration.
INFO:Timing:3412 - To improve timing, see the Timing Closure User Guide (UG612).
INFO:Timing:2752 - To get complete path coverage, use the unconstrained paths 
   option. All paths that are not constrained will be reported in the 
   unconstrained paths section(s) of the report.
INFO:Timing:3339 - The clock-to-out numbers in this timing report are based on 
   a 50 Ohm transmission line loading model.  For the details of this model, 
   and for more information on accounting for different loading conditions, 
   please see the device datasheet.



Data Sheet report:
-----------------
All values displayed in nanoseconds (ns)

Pad to Pad
---------------+---------------+---------+
Source Pad     |Destination Pad|  Delay  |
---------------+---------------+---------+
aorl           |out<0>         |   12.537|
aorl           |out<1>         |   12.682|
aorl           |out<2>         |   13.925|
aorl           |out<3>         |   14.419|
aorl           |out<4>         |   13.501|
aorl           |out<5>         |   13.704|
aorl           |out<6>         |   13.365|
aorl           |out<7>         |   13.320|
aorl           |out<8>         |   13.297|
aorl           |out<9>         |   12.461|
aorl           |out<10>        |   12.824|
aorl           |out<11>        |   13.369|
aorl           |out<12>        |   12.692|
aorl           |out<13>        |   13.294|
aorl           |out<14>        |   13.774|
aorl           |out<15>        |   12.769|
aorl           |out<16>        |   13.520|
aorl           |out<17>        |   15.169|
aorl           |out<18>        |   14.069|
aorl           |out<19>        |   14.489|
aorl           |out<20>        |   12.967|
aorl           |out<21>        |   15.636|
aorl           |out<22>        |   14.245|
aorl           |out<23>        |   13.768|
aorl           |out<24>        |   14.870|
aorl           |out<25>        |   13.875|
aorl           |out<26>        |   14.680|
aorl           |out<27>        |   14.363|
aorl           |out<28>        |   11.923|
aorl           |out<29>        |   14.065|
aorl           |out<30>        |   13.953|
aorl           |out<31>        |   15.781|
dir            |out<0>         |   14.121|
dir            |out<1>         |   13.345|
dir            |out<2>         |   14.527|
dir            |out<3>         |   13.841|
dir            |out<4>         |   13.197|
dir            |out<5>         |   14.296|
dir            |out<6>         |   12.360|
dir            |out<7>         |   12.017|
dir            |out<8>         |   10.443|
dir            |out<9>         |   12.905|
dir            |out<10>        |   11.934|
dir            |out<11>        |   13.412|
dir            |out<12>        |   11.682|
dir            |out<13>        |   12.604|
dir            |out<14>        |   11.964|
dir            |out<15>        |   12.176|
dir            |out<16>        |   13.022|
dir            |out<17>        |   14.975|
dir            |out<18>        |   12.819|
dir            |out<19>        |   14.295|
dir            |out<20>        |   13.607|
dir            |out<21>        |   15.442|
dir            |out<22>        |   13.772|
dir            |out<23>        |   13.111|
dir            |out<24>        |   14.676|
dir            |out<25>        |   13.681|
dir            |out<26>        |   14.486|
dir            |out<27>        |   14.169|
dir            |out<28>        |   12.503|
dir            |out<29>        |   13.558|
dir            |out<30>        |   13.492|
dir            |out<31>        |   12.728|
in<0>          |out<0>         |   11.169|
in<0>          |out<1>         |   12.871|
in<0>          |out<2>         |   11.867|
in<0>          |out<3>         |   11.511|
in<0>          |out<4>         |   10.792|
in<0>          |out<5>         |   11.259|
in<0>          |out<6>         |   12.105|
in<0>          |out<7>         |   12.235|
in<0>          |out<8>         |   11.897|
in<0>          |out<9>         |   12.738|
in<0>          |out<10>        |   12.763|
in<0>          |out<11>        |   13.129|
in<0>          |out<12>        |   11.898|
in<0>          |out<13>        |   12.132|
in<0>          |out<14>        |   12.668|
in<0>          |out<15>        |   12.484|
in<0>          |out<16>        |   11.327|
in<0>          |out<17>        |   12.358|
in<0>          |out<18>        |   12.500|
in<0>          |out<19>        |   11.406|
in<0>          |out<20>        |   13.126|
in<0>          |out<21>        |   12.459|
in<0>          |out<22>        |   13.556|
in<0>          |out<23>        |   12.688|
in<0>          |out<24>        |   11.646|
in<0>          |out<25>        |   12.868|
in<0>          |out<26>        |   13.353|
in<0>          |out<27>        |   12.862|
in<0>          |out<28>        |   12.822|
in<0>          |out<29>        |   12.837|
in<0>          |out<30>        |   12.955|
in<0>          |out<31>        |   12.392|
in<1>          |out<0>         |   12.504|
in<1>          |out<1>         |   12.769|
in<1>          |out<2>         |   11.765|
in<1>          |out<3>         |   11.941|
in<1>          |out<4>         |   11.078|
in<1>          |out<5>         |   11.157|
in<1>          |out<6>         |   12.003|
in<1>          |out<7>         |   12.665|
in<1>          |out<8>         |   12.517|
in<1>          |out<9>         |   12.636|
in<1>          |out<10>        |   12.661|
in<1>          |out<11>        |   13.559|
in<1>          |out<12>        |   11.524|
in<1>          |out<13>        |   12.030|
in<1>          |out<14>        |   12.566|
in<1>          |out<15>        |   12.914|
in<1>          |out<16>        |   12.242|
in<1>          |out<17>        |   12.256|
in<1>          |out<18>        |   12.398|
in<1>          |out<19>        |   11.836|
in<1>          |out<20>        |   12.326|
in<1>          |out<21>        |   12.357|
in<1>          |out<22>        |   13.454|
in<1>          |out<23>        |   13.118|
in<1>          |out<24>        |   12.266|
in<1>          |out<25>        |   12.766|
in<1>          |out<26>        |   13.251|
in<1>          |out<27>        |   13.292|
in<1>          |out<28>        |   12.448|
in<1>          |out<29>        |   12.735|
in<1>          |out<30>        |   12.853|
in<1>          |out<31>        |   12.822|
in<2>          |out<0>         |   11.214|
in<2>          |out<1>         |   12.705|
in<2>          |out<2>         |   13.237|
in<2>          |out<3>         |   11.609|
in<2>          |out<4>         |   10.671|
in<2>          |out<5>         |   11.958|
in<2>          |out<6>         |   11.652|
in<2>          |out<7>         |   12.333|
in<2>          |out<8>         |   12.110|
in<2>          |out<9>         |   12.081|
in<2>          |out<10>        |   12.310|
in<2>          |out<11>        |   13.227|
in<2>          |out<12>        |   11.117|
in<2>          |out<13>        |   11.811|
in<2>          |out<14>        |   12.215|
in<2>          |out<15>        |   12.582|
in<2>          |out<16>        |   11.835|
in<2>          |out<17>        |   12.109|
in<2>          |out<18>        |   12.047|
in<2>          |out<19>        |   11.504|
in<2>          |out<20>        |   11.919|
in<2>          |out<21>        |   12.480|
in<2>          |out<22>        |   13.103|
in<2>          |out<23>        |   12.786|
in<2>          |out<24>        |   11.859|
in<2>          |out<25>        |   12.211|
in<2>          |out<26>        |   12.900|
in<2>          |out<27>        |   12.960|
in<2>          |out<28>        |   12.041|
in<2>          |out<29>        |   12.516|
in<2>          |out<30>        |   12.502|
in<2>          |out<31>        |   12.490|
in<3>          |out<0>         |   12.131|
in<3>          |out<1>         |   12.021|
in<3>          |out<2>         |   12.529|
in<3>          |out<3>         |   12.060|
in<3>          |out<4>         |   11.215|
in<3>          |out<5>         |   11.598|
in<3>          |out<6>         |   10.435|
in<3>          |out<7>         |   12.784|
in<3>          |out<8>         |   12.654|
in<3>          |out<9>         |   11.721|
in<3>          |out<10>        |   10.867|
in<3>          |out<11>        |   13.678|
in<3>          |out<12>        |   11.661|
in<3>          |out<13>        |   11.451|
in<3>          |out<14>        |   11.242|
in<3>          |out<15>        |   13.033|
in<3>          |out<16>        |   12.379|
in<3>          |out<17>        |   11.749|
in<3>          |out<18>        |   11.515|
in<3>          |out<19>        |   11.955|
in<3>          |out<20>        |   12.463|
in<3>          |out<21>        |   12.120|
in<3>          |out<22>        |   12.557|
in<3>          |out<23>        |   13.237|
in<3>          |out<24>        |   12.403|
in<3>          |out<25>        |   11.851|
in<3>          |out<26>        |   11.457|
in<3>          |out<27>        |   13.411|
in<3>          |out<28>        |   12.585|
in<3>          |out<29>        |   12.156|
in<3>          |out<30>        |   11.529|
in<3>          |out<31>        |   12.941|
in<4>          |out<0>         |   11.821|
in<4>          |out<1>         |   12.407|
in<4>          |out<2>         |   12.939|
in<4>          |out<3>         |   12.142|
in<4>          |out<4>         |   12.281|
in<4>          |out<5>         |   11.679|
in<4>          |out<6>         |   10.742|
in<4>          |out<7>         |   12.190|
in<4>          |out<8>         |   12.391|
in<4>          |out<9>         |   11.802|
in<4>          |out<10>        |   11.174|
in<4>          |out<11>        |   12.700|
in<4>          |out<12>        |   11.398|
in<4>          |out<13>        |   11.532|
in<4>          |out<14>        |   11.549|
in<4>          |out<15>        |   12.706|
in<4>          |out<16>        |   12.116|
in<4>          |out<17>        |   11.830|
in<4>          |out<18>        |   11.822|
in<4>          |out<19>        |   11.455|
in<4>          |out<20>        |   12.200|
in<4>          |out<21>        |   12.201|
in<4>          |out<22>        |   12.864|
in<4>          |out<23>        |   12.283|
in<4>          |out<24>        |   12.140|
in<4>          |out<25>        |   11.932|
in<4>          |out<26>        |   11.764|
in<4>          |out<27>        |   12.433|
in<4>          |out<28>        |   12.322|
in<4>          |out<29>        |   12.237|
in<4>          |out<30>        |   11.836|
in<4>          |out<31>        |   12.614|
in<5>          |out<0>         |   11.969|
in<5>          |out<1>         |   12.358|
in<5>          |out<2>         |   12.502|
in<5>          |out<3>         |   11.834|
in<5>          |out<4>         |   12.429|
in<5>          |out<5>         |   12.751|
in<5>          |out<6>         |   10.973|
in<5>          |out<7>         |   12.263|
in<5>          |out<8>         |   11.762|
in<5>          |out<9>         |   11.733|
in<5>          |out<10>        |   11.405|
in<5>          |out<11>        |   12.773|
in<5>          |out<12>        |   11.861|
in<5>          |out<13>        |   11.463|
in<5>          |out<14>        |   11.780|
in<5>          |out<15>        |   12.779|
in<5>          |out<16>        |   11.581|
in<5>          |out<17>        |   11.761|
in<5>          |out<18>        |   12.053|
in<5>          |out<19>        |   11.528|
in<5>          |out<20>        |   12.125|
in<5>          |out<21>        |   12.132|
in<5>          |out<22>        |   13.095|
in<5>          |out<23>        |   12.356|
in<5>          |out<24>        |   11.511|
in<5>          |out<25>        |   11.863|
in<5>          |out<26>        |   11.995|
in<5>          |out<27>        |   12.506|
in<5>          |out<28>        |   12.785|
in<5>          |out<29>        |   12.168|
in<5>          |out<30>        |   12.067|
in<5>          |out<31>        |   12.687|
in<6>          |out<0>         |   11.618|
in<6>          |out<1>         |   11.976|
in<6>          |out<2>         |   12.346|
in<6>          |out<3>         |   11.939|
in<6>          |out<4>         |   12.078|
in<6>          |out<5>         |   12.369|
in<6>          |out<6>         |   12.339|
in<6>          |out<7>         |   11.971|
in<6>          |out<8>         |   11.239|
in<6>          |out<9>         |   11.753|
in<6>          |out<10>        |   11.266|
in<6>          |out<11>        |   12.481|
in<6>          |out<12>        |   11.338|
in<6>          |out<13>        |   12.154|
in<6>          |out<14>        |   11.641|
in<6>          |out<15>        |   12.487|
in<6>          |out<16>        |   11.058|
in<6>          |out<17>        |   12.212|
in<6>          |out<18>        |   11.914|
in<6>          |out<19>        |   11.236|
in<6>          |out<20>        |   11.602|
in<6>          |out<21>        |   11.579|
in<6>          |out<22>        |   12.956|
in<6>          |out<23>        |   12.064|
in<6>          |out<24>        |   10.988|
in<6>          |out<25>        |   11.883|
in<6>          |out<26>        |   11.856|
in<6>          |out<27>        |   12.214|
in<6>          |out<28>        |   12.262|
in<6>          |out<29>        |   12.859|
in<6>          |out<30>        |   11.928|
in<6>          |out<31>        |   12.395|
in<7>          |out<0>         |   11.327|
in<7>          |out<1>         |   11.716|
in<7>          |out<2>         |   11.637|
in<7>          |out<3>         |   11.613|
in<7>          |out<4>         |   11.787|
in<7>          |out<5>         |   12.109|
in<7>          |out<6>         |   11.630|
in<7>          |out<7>         |   11.677|
in<7>          |out<8>         |   12.229|
in<7>          |out<9>         |   11.374|
in<7>          |out<10>        |   11.287|
in<7>          |out<11>        |   11.760|
in<7>          |out<12>        |   12.328|
in<7>          |out<13>        |   11.775|
in<7>          |out<14>        |   12.379|
in<7>          |out<15>        |   11.766|
in<7>          |out<16>        |   12.048|
in<7>          |out<17>        |   11.833|
in<7>          |out<18>        |   11.063|
in<7>          |out<19>        |   10.515|
in<7>          |out<20>        |   12.592|
in<7>          |out<21>        |   11.200|
in<7>          |out<22>        |   12.079|
in<7>          |out<23>        |   11.343|
in<7>          |out<24>        |   11.978|
in<7>          |out<25>        |   11.504|
in<7>          |out<26>        |   11.877|
in<7>          |out<27>        |   11.493|
in<7>          |out<28>        |   13.252|
in<7>          |out<29>        |   12.480|
in<7>          |out<30>        |   12.666|
in<7>          |out<31>        |   11.674|
in<8>          |out<0>         |   10.216|
in<8>          |out<1>         |   11.494|
in<8>          |out<2>         |   11.864|
in<8>          |out<3>         |   12.618|
in<8>          |out<4>         |   10.505|
in<8>          |out<5>         |   11.887|
in<8>          |out<6>         |   11.857|
in<8>          |out<7>         |   12.682|
in<8>          |out<8>         |   12.031|
in<8>          |out<9>         |   11.638|
in<8>          |out<10>        |   11.471|
in<8>          |out<11>        |   11.548|
in<8>          |out<12>        |   11.832|
in<8>          |out<13>        |   12.039|
in<8>          |out<14>        |   12.563|
in<8>          |out<15>        |   12.536|
in<8>          |out<16>        |   11.552|
in<8>          |out<17>        |   12.097|
in<8>          |out<18>        |   11.247|
in<8>          |out<19>        |   10.870|
in<8>          |out<20>        |   12.096|
in<8>          |out<21>        |   11.464|
in<8>          |out<22>        |   12.263|
in<8>          |out<23>        |   11.240|
in<8>          |out<24>        |   11.482|
in<8>          |out<25>        |   11.768|
in<8>          |out<26>        |   12.061|
in<8>          |out<27>        |   11.281|
in<8>          |out<28>        |   12.756|
in<8>          |out<29>        |   12.744|
in<8>          |out<30>        |   12.850|
in<8>          |out<31>        |   12.444|
in<9>          |out<0>         |   10.813|
in<9>          |out<1>         |   11.528|
in<9>          |out<2>         |   11.992|
in<9>          |out<3>         |   11.968|
in<9>          |out<4>         |   11.102|
in<9>          |out<5>         |   11.222|
in<9>          |out<6>         |   11.985|
in<9>          |out<7>         |   12.032|
in<9>          |out<8>         |   12.628|
in<9>          |out<9>         |   12.239|
in<9>          |out<10>        |   11.043|
in<9>          |out<11>        |   12.155|
in<9>          |out<12>        |   11.722|
in<9>          |out<13>        |   12.144|
in<9>          |out<14>        |   12.135|
in<9>          |out<15>        |   13.143|
in<9>          |out<16>        |   12.558|
in<9>          |out<17>        |   12.202|
in<9>          |out<18>        |   10.819|
in<9>          |out<19>        |   11.477|
in<9>          |out<20>        |   12.026|
in<9>          |out<21>        |   11.569|
in<9>          |out<22>        |   11.835|
in<9>          |out<23>        |   11.847|
in<9>          |out<24>        |   12.312|
in<9>          |out<25>        |   11.873|
in<9>          |out<26>        |   11.633|
in<9>          |out<27>        |   11.888|
in<9>          |out<28>        |   12.646|
in<9>          |out<29>        |   12.849|
in<9>          |out<30>        |   12.422|
in<9>          |out<31>        |   13.051|
in<10>         |out<0>         |   10.703|
in<10>         |out<1>         |   11.859|
in<10>         |out<2>         |   13.725|
in<10>         |out<3>         |   12.159|
in<10>         |out<4>         |   10.992|
in<10>         |out<5>         |   11.553|
in<10>         |out<6>         |   11.913|
in<10>         |out<7>         |   12.223|
in<10>         |out<8>         |   12.518|
in<10>         |out<9>         |   12.570|
in<10>         |out<10>        |   12.161|
in<10>         |out<11>        |   12.270|
in<10>         |out<12>        |   11.346|
in<10>         |out<13>        |   12.488|
in<10>         |out<14>        |   12.410|
in<10>         |out<15>        |   13.258|
in<10>         |out<16>        |   12.182|
in<10>         |out<17>        |   12.771|
in<10>         |out<18>        |   11.094|
in<10>         |out<19>        |   11.592|
in<10>         |out<20>        |   11.650|
in<10>         |out<21>        |   12.385|
in<10>         |out<22>        |   12.110|
in<10>         |out<23>        |   11.962|
in<10>         |out<24>        |   11.936|
in<10>         |out<25>        |   12.288|
in<10>         |out<26>        |   11.908|
in<10>         |out<27>        |   12.003|
in<10>         |out<28>        |   12.270|
in<10>         |out<29>        |   13.193|
in<10>         |out<30>        |   12.697|
in<10>         |out<31>        |   13.166|
in<11>         |out<0>         |   10.458|
in<11>         |out<1>         |   11.606|
in<11>         |out<2>         |   13.340|
in<11>         |out<3>         |   11.193|
in<11>         |out<4>         |   10.747|
in<11>         |out<5>         |   11.300|
in<11>         |out<6>         |   11.528|
in<11>         |out<7>         |   11.475|
in<11>         |out<8>         |   12.273|
in<11>         |out<9>         |   12.317|
in<11>         |out<10>        |   11.776|
in<11>         |out<11>        |   11.755|
in<11>         |out<12>        |   11.436|
in<11>         |out<13>        |   11.932|
in<11>         |out<14>        |   11.439|
in<11>         |out<15>        |   12.700|
in<11>         |out<16>        |   12.272|
in<11>         |out<17>        |   12.215|
in<11>         |out<18>        |   11.342|
in<11>         |out<19>        |   11.034|
in<11>         |out<20>        |   11.740|
in<11>         |out<21>        |   11.829|
in<11>         |out<22>        |   11.805|
in<11>         |out<23>        |   11.404|
in<11>         |out<24>        |   12.026|
in<11>         |out<25>        |   11.732|
in<11>         |out<26>        |   12.372|
in<11>         |out<27>        |   11.445|
in<11>         |out<28>        |   12.360|
in<11>         |out<29>        |   12.637|
in<11>         |out<30>        |   11.726|
in<11>         |out<31>        |   12.608|
in<12>         |out<0>         |   11.409|
in<12>         |out<1>         |   11.529|
in<12>         |out<2>         |   14.294|
in<12>         |out<3>         |   12.217|
in<12>         |out<4>         |   11.869|
in<12>         |out<5>         |   11.223|
in<12>         |out<6>         |   12.482|
in<12>         |out<7>         |   12.499|
in<12>         |out<8>         |   12.566|
in<12>         |out<9>         |   12.240|
in<12>         |out<10>        |   12.730|
in<12>         |out<11>        |   12.779|
in<12>         |out<12>        |   11.441|
in<12>         |out<13>        |   12.661|
in<12>         |out<14>        |   11.986|
in<12>         |out<15>        |   13.180|
in<12>         |out<16>        |   11.905|
in<12>         |out<17>        |   12.944|
in<12>         |out<18>        |   11.889|
in<12>         |out<19>        |   12.153|
in<12>         |out<20>        |   11.373|
in<12>         |out<21>        |   12.558|
in<12>         |out<22>        |   12.352|
in<12>         |out<23>        |   12.490|
in<12>         |out<24>        |   11.659|
in<12>         |out<25>        |   12.461|
in<12>         |out<26>        |   12.919|
in<12>         |out<27>        |   13.877|
in<12>         |out<28>        |   11.993|
in<12>         |out<29>        |   13.366|
in<12>         |out<30>        |   12.273|
in<12>         |out<31>        |   13.088|
in<13>         |out<0>         |   11.079|
in<13>         |out<1>         |   11.657|
in<13>         |out<2>         |   12.988|
in<13>         |out<3>         |   10.935|
in<13>         |out<4>         |   11.539|
in<13>         |out<5>         |   12.050|
in<13>         |out<6>         |   11.176|
in<13>         |out<7>         |   11.217|
in<13>         |out<8>         |   12.236|
in<13>         |out<9>         |   12.877|
in<13>         |out<10>        |   11.424|
in<13>         |out<11>        |   11.497|
in<13>         |out<12>        |   11.111|
in<13>         |out<13>        |   12.534|
in<13>         |out<14>        |   12.318|
in<13>         |out<15>        |   12.194|
in<13>         |out<16>        |   13.036|
in<13>         |out<17>        |   12.817|
in<13>         |out<18>        |   12.221|
in<13>         |out<19>        |   11.167|
in<13>         |out<20>        |   13.331|
in<13>         |out<21>        |   12.431|
in<13>         |out<22>        |   12.684|
in<13>         |out<23>        |   11.504|
in<13>         |out<24>        |   12.749|
in<13>         |out<25>        |   12.334|
in<13>         |out<26>        |   13.251|
in<13>         |out<27>        |   12.891|
in<13>         |out<28>        |   13.449|
in<13>         |out<29>        |   13.239|
in<13>         |out<30>        |   12.605|
in<13>         |out<31>        |   12.102|
in<14>         |out<0>         |   11.203|
in<14>         |out<1>         |   10.879|
in<14>         |out<2>         |   12.268|
in<14>         |out<3>         |   11.242|
in<14>         |out<4>         |   11.663|
in<14>         |out<5>         |   11.272|
in<14>         |out<6>         |   12.261|
in<14>         |out<7>         |   11.524|
in<14>         |out<8>         |   12.360|
in<14>         |out<9>         |   12.099|
in<14>         |out<10>        |   11.897|
in<14>         |out<11>        |   11.804|
in<14>         |out<12>        |   11.235|
in<14>         |out<13>        |   11.367|
in<14>         |out<14>        |   12.231|
in<14>         |out<15>        |   12.080|
in<14>         |out<16>        |   12.402|
in<14>         |out<17>        |   12.700|
in<14>         |out<18>        |   12.134|
in<14>         |out<19>        |   11.053|
in<14>         |out<20>        |   12.697|
in<14>         |out<21>        |   12.767|
in<14>         |out<22>        |   12.597|
in<14>         |out<23>        |   11.390|
in<14>         |out<24>        |   12.115|
in<14>         |out<25>        |   11.274|
in<14>         |out<26>        |   13.164|
in<14>         |out<27>        |   12.777|
in<14>         |out<28>        |   12.815|
in<14>         |out<29>        |   11.273|
in<14>         |out<30>        |   12.518|
in<14>         |out<31>        |   11.988|
in<15>         |out<0>         |   10.991|
in<15>         |out<1>         |   11.225|
in<15>         |out<2>         |   11.941|
in<15>         |out<3>         |   11.781|
in<15>         |out<4>         |   11.451|
in<15>         |out<5>         |   11.618|
in<15>         |out<6>         |   11.934|
in<15>         |out<7>         |   11.845|
in<15>         |out<8>         |   12.148|
in<15>         |out<9>         |   12.445|
in<15>         |out<10>        |   11.570|
in<15>         |out<11>        |   12.228|
in<15>         |out<12>        |   11.023|
in<15>         |out<13>        |   11.713|
in<15>         |out<14>        |   11.353|
in<15>         |out<15>        |   12.295|
in<15>         |out<16>        |   12.364|
in<15>         |out<17>        |   13.068|
in<15>         |out<18>        |   11.209|
in<15>         |out<19>        |   11.268|
in<15>         |out<20>        |   12.659|
in<15>         |out<21>        |   13.135|
in<15>         |out<22>        |   11.668|
in<15>         |out<23>        |   11.605|
in<15>         |out<24>        |   12.077|
in<15>         |out<25>        |   11.642|
in<15>         |out<26>        |   12.730|
in<15>         |out<27>        |   12.992|
in<15>         |out<28>        |   12.777|
in<15>         |out<29>        |   11.641|
in<15>         |out<30>        |   11.378|
in<15>         |out<31>        |   12.203|
in<16>         |out<0>         |   12.592|
in<16>         |out<1>         |   10.829|
in<16>         |out<2>         |   12.215|
in<16>         |out<3>         |   11.644|
in<16>         |out<4>         |   10.747|
in<16>         |out<5>         |   11.222|
in<16>         |out<6>         |   12.208|
in<16>         |out<7>         |   11.708|
in<16>         |out<8>         |   12.775|
in<16>         |out<9>         |   12.049|
in<16>         |out<10>        |   11.844|
in<16>         |out<11>        |   12.091|
in<16>         |out<12>        |   11.945|
in<16>         |out<13>        |   11.317|
in<16>         |out<14>        |   11.627|
in<16>         |out<15>        |   12.109|
in<16>         |out<16>        |   12.867|
in<16>         |out<17>        |   12.991|
in<16>         |out<18>        |   11.235|
in<16>         |out<19>        |   11.848|
in<16>         |out<20>        |   12.686|
in<16>         |out<21>        |   13.058|
in<16>         |out<22>        |   11.694|
in<16>         |out<23>        |   12.362|
in<16>         |out<24>        |   12.104|
in<16>         |out<25>        |   11.565|
in<16>         |out<26>        |   12.756|
in<16>         |out<27>        |   12.295|
in<16>         |out<28>        |   12.804|
in<16>         |out<29>        |   11.564|
in<16>         |out<30>        |   11.404|
in<16>         |out<31>        |   12.335|
in<17>         |out<0>         |   12.123|
in<17>         |out<1>         |   12.747|
in<17>         |out<2>         |   11.437|
in<17>         |out<3>         |   11.909|
in<17>         |out<4>         |   10.278|
in<17>         |out<5>         |   11.131|
in<17>         |out<6>         |   11.430|
in<17>         |out<7>         |   11.973|
in<17>         |out<8>         |   12.306|
in<17>         |out<9>         |   12.346|
in<17>         |out<10>        |   11.066|
in<17>         |out<11>        |   12.356|
in<17>         |out<12>        |   11.476|
in<17>         |out<13>        |   11.768|
in<17>         |out<14>        |   10.849|
in<17>         |out<15>        |   12.374|
in<17>         |out<16>        |   12.398|
in<17>         |out<17>        |   12.931|
in<17>         |out<18>        |   11.310|
in<17>         |out<19>        |   11.044|
in<17>         |out<20>        |   12.891|
in<17>         |out<21>        |   12.998|
in<17>         |out<22>        |   11.769|
in<17>         |out<23>        |   11.558|
in<17>         |out<24>        |   12.255|
in<17>         |out<25>        |   11.505|
in<17>         |out<26>        |   12.831|
in<17>         |out<27>        |   11.491|
in<17>         |out<28>        |   12.806|
in<17>         |out<29>        |   11.504|
in<17>         |out<30>        |   11.479|
in<17>         |out<31>        |   11.531|
in<18>         |out<0>         |   12.269|
in<18>         |out<1>         |   12.267|
in<18>         |out<2>         |   12.444|
in<18>         |out<3>         |   11.400|
in<18>         |out<4>         |   10.424|
in<18>         |out<5>         |   10.651|
in<18>         |out<6>         |   12.028|
in<18>         |out<7>         |   11.464|
in<18>         |out<8>         |   12.452|
in<18>         |out<9>         |   11.866|
in<18>         |out<10>        |   11.714|
in<18>         |out<11>        |   11.847|
in<18>         |out<12>        |   11.622|
in<18>         |out<13>        |   11.288|
in<18>         |out<14>        |   12.033|
in<18>         |out<15>        |   11.865|
in<18>         |out<16>        |   12.544|
in<18>         |out<17>        |   11.805|
in<18>         |out<18>        |   12.588|
in<18>         |out<19>        |   11.410|
in<18>         |out<20>        |   12.980|
in<18>         |out<21>        |   12.324|
in<18>         |out<22>        |   11.823|
in<18>         |out<23>        |   11.924|
in<18>         |out<24>        |   12.344|
in<18>         |out<25>        |   12.116|
in<18>         |out<26>        |   12.885|
in<18>         |out<27>        |   11.857|
in<18>         |out<28>        |   12.895|
in<18>         |out<29>        |   11.509|
in<18>         |out<30>        |   11.533|
in<18>         |out<31>        |   11.897|
in<19>         |out<0>         |   11.811|
in<19>         |out<1>         |   12.686|
in<19>         |out<2>         |   12.059|
in<19>         |out<3>         |   10.925|
in<19>         |out<4>         |    9.966|
in<19>         |out<5>         |   11.070|
in<19>         |out<6>         |   11.643|
in<19>         |out<7>         |   10.926|
in<19>         |out<8>         |   11.994|
in<19>         |out<9>         |   12.285|
in<19>         |out<10>        |   11.329|
in<19>         |out<11>        |   11.498|
in<19>         |out<12>        |   11.164|
in<19>         |out<13>        |   11.707|
in<19>         |out<14>        |   11.648|
in<19>         |out<15>        |   12.175|
in<19>         |out<16>        |   12.086|
in<19>         |out<17>        |   12.224|
in<19>         |out<18>        |   12.203|
in<19>         |out<19>        |   11.137|
in<19>         |out<20>        |   13.074|
in<19>         |out<21>        |   12.100|
in<19>         |out<22>        |   11.867|
in<19>         |out<23>        |   11.651|
in<19>         |out<24>        |   12.438|
in<19>         |out<25>        |   11.892|
in<19>         |out<26>        |   12.434|
in<19>         |out<27>        |   11.584|
in<19>         |out<28>        |   12.989|
in<19>         |out<29>        |   11.285|
in<19>         |out<30>        |   11.222|
in<19>         |out<31>        |   11.624|
in<20>         |out<0>         |   13.354|
in<20>         |out<1>         |   13.937|
in<20>         |out<2>         |   13.102|
in<20>         |out<3>         |   12.649|
in<20>         |out<4>         |   13.469|
in<20>         |out<5>         |   12.321|
in<20>         |out<6>         |   12.686|
in<20>         |out<7>         |   12.650|
in<20>         |out<8>         |   13.463|
in<20>         |out<9>         |   13.536|
in<20>         |out<10>        |   12.372|
in<20>         |out<11>        |   13.222|
in<20>         |out<12>        |   12.896|
in<20>         |out<13>        |   12.958|
in<20>         |out<14>        |   12.691|
in<20>         |out<15>        |   13.899|
in<20>         |out<16>        |   13.629|
in<20>         |out<17>        |   13.475|
in<20>         |out<18>        |   13.246|
in<20>         |out<19>        |   12.696|
in<20>         |out<20>        |   15.429|
in<20>         |out<21>        |   13.303|
in<20>         |out<22>        |   13.005|
in<20>         |out<23>        |   12.211|
in<20>         |out<24>        |   13.478|
in<20>         |out<25>        |   13.095|
in<20>         |out<26>        |   13.572|
in<20>         |out<27>        |   13.598|
in<20>         |out<28>        |   14.029|
in<20>         |out<29>        |   12.488|
in<20>         |out<30>        |   12.360|
in<20>         |out<31>        |   12.905|
in<21>         |out<0>         |   11.567|
in<21>         |out<1>         |   12.033|
in<21>         |out<2>         |   11.818|
in<21>         |out<3>         |   11.231|
in<21>         |out<4>         |   11.682|
in<21>         |out<5>         |   10.550|
in<21>         |out<6>         |   11.402|
in<21>         |out<7>         |   11.232|
in<21>         |out<8>         |   11.676|
in<21>         |out<9>         |   11.632|
in<21>         |out<10>        |   11.088|
in<21>         |out<11>        |   11.804|
in<21>         |out<12>        |   11.109|
in<21>         |out<13>        |   10.913|
in<21>         |out<14>        |   11.407|
in<21>         |out<15>        |   12.481|
in<21>         |out<16>        |   11.842|
in<21>         |out<17>        |   11.571|
in<21>         |out<18>        |   11.962|
in<21>         |out<19>        |   11.278|
in<21>         |out<20>        |   13.642|
in<21>         |out<21>        |   11.542|
in<21>         |out<22>        |   11.717|
in<21>         |out<23>        |   10.870|
in<21>         |out<24>        |   12.527|
in<21>         |out<25>        |   11.334|
in<21>         |out<26>        |   12.284|
in<21>         |out<27>        |   12.257|
in<21>         |out<28>        |   13.227|
in<21>         |out<29>        |   10.727|
in<21>         |out<30>        |   11.072|
in<21>         |out<31>        |   11.564|
in<22>         |out<0>         |   12.203|
in<22>         |out<1>         |   13.703|
in<22>         |out<2>         |   12.825|
in<22>         |out<3>         |   12.235|
in<22>         |out<4>         |   12.318|
in<22>         |out<5>         |   12.220|
in<22>         |out<6>         |   12.214|
in<22>         |out<7>         |   12.236|
in<22>         |out<8>         |   12.312|
in<22>         |out<9>         |   13.302|
in<22>         |out<10>        |   12.095|
in<22>         |out<11>        |   12.808|
in<22>         |out<12>        |   11.745|
in<22>         |out<13>        |   12.583|
in<22>         |out<14>        |   11.999|
in<22>         |out<15>        |   13.485|
in<22>         |out<16>        |   12.478|
in<22>         |out<17>        |   13.241|
in<22>         |out<18>        |   12.969|
in<22>         |out<19>        |   12.282|
in<22>         |out<20>        |   14.278|
in<22>         |out<21>        |   12.408|
in<22>         |out<22>        |   13.236|
in<22>         |out<23>        |   11.988|
in<22>         |out<24>        |   14.260|
in<22>         |out<25>        |   13.141|
in<22>         |out<26>        |   13.803|
in<22>         |out<27>        |   13.375|
in<22>         |out<28>        |   14.960|
in<22>         |out<29>        |   13.140|
in<22>         |out<30>        |   12.591|
in<22>         |out<31>        |   12.682|
in<23>         |out<0>         |   10.898|
in<23>         |out<1>         |   12.725|
in<23>         |out<2>         |   11.477|
in<23>         |out<3>         |   11.035|
in<23>         |out<4>         |   11.013|
in<23>         |out<5>         |   11.242|
in<23>         |out<6>         |   10.866|
in<23>         |out<7>         |   10.911|
in<23>         |out<8>         |   11.007|
in<23>         |out<9>         |   12.324|
in<23>         |out<10>        |   10.747|
in<23>         |out<11>        |   11.990|
in<23>         |out<12>        |   10.440|
in<23>         |out<13>        |   11.605|
in<23>         |out<14>        |   10.651|
in<23>         |out<15>        |   11.960|
in<23>         |out<16>        |   11.173|
in<23>         |out<17>        |   12.263|
in<23>         |out<18>        |   11.621|
in<23>         |out<19>        |   11.082|
in<23>         |out<20>        |   12.973|
in<23>         |out<21>        |   11.430|
in<23>         |out<22>        |   11.607|
in<23>         |out<23>        |   10.945|
in<23>         |out<24>        |   13.153|
in<23>         |out<25>        |   11.895|
in<23>         |out<26>        |   13.049|
in<23>         |out<27>        |   12.177|
in<23>         |out<28>        |   13.853|
in<23>         |out<29>        |   11.894|
in<23>         |out<30>        |   11.697|
in<23>         |out<31>        |   11.484|
in<24>         |out<0>         |   13.299|
in<24>         |out<1>         |   12.227|
in<24>         |out<2>         |   12.653|
in<24>         |out<3>         |   11.480|
in<24>         |out<4>         |   11.874|
in<24>         |out<5>         |   10.744|
in<24>         |out<6>         |   12.042|
in<24>         |out<7>         |   11.356|
in<24>         |out<8>         |   12.432|
in<24>         |out<9>         |   11.826|
in<24>         |out<10>        |   11.923|
in<24>         |out<11>        |   12.435|
in<24>         |out<12>        |   12.634|
in<24>         |out<13>        |   11.107|
in<24>         |out<14>        |   11.827|
in<24>         |out<15>        |   12.405|
in<24>         |out<16>        |   13.574|
in<24>         |out<17>        |   11.765|
in<24>         |out<18>        |   12.797|
in<24>         |out<19>        |   11.527|
in<24>         |out<20>        |   13.834|
in<24>         |out<21>        |   10.932|
in<24>         |out<22>        |   12.783|
in<24>         |out<23>        |   11.390|
in<24>         |out<24>        |   12.494|
in<24>         |out<25>        |   12.265|
in<24>         |out<26>        |   13.647|
in<24>         |out<27>        |   12.857|
in<24>         |out<28>        |   13.194|
in<24>         |out<29>        |   12.264|
in<24>         |out<30>        |   12.295|
in<24>         |out<31>        |   12.897|
in<25>         |out<0>         |   12.614|
in<25>         |out<1>         |   12.026|
in<25>         |out<2>         |   12.399|
in<25>         |out<3>         |   11.263|
in<25>         |out<4>         |   11.189|
in<25>         |out<5>         |   11.105|
in<25>         |out<6>         |   11.788|
in<25>         |out<7>         |   11.139|
in<25>         |out<8>         |   11.747|
in<25>         |out<9>         |   11.940|
in<25>         |out<10>        |   11.669|
in<25>         |out<11>        |   12.218|
in<25>         |out<12>        |   11.949|
in<25>         |out<13>        |   11.804|
in<25>         |out<14>        |   11.573|
in<25>         |out<15>        |   12.188|
in<25>         |out<16>        |   12.889|
in<25>         |out<17>        |   11.564|
in<25>         |out<18>        |   12.543|
in<25>         |out<19>        |   11.310|
in<25>         |out<20>        |   13.149|
in<25>         |out<21>        |   11.293|
in<25>         |out<22>        |   12.529|
in<25>         |out<23>        |   11.173|
in<25>         |out<24>        |   10.567|
in<25>         |out<25>        |   12.429|
in<25>         |out<26>        |   13.720|
in<25>         |out<27>        |   12.787|
in<25>         |out<28>        |   13.809|
in<25>         |out<29>        |   11.969|
in<25>         |out<30>        |   12.368|
in<25>         |out<31>        |   12.827|
in<26>         |out<0>         |   12.452|
in<26>         |out<1>         |   11.856|
in<26>         |out<2>         |   12.469|
in<26>         |out<3>         |   10.653|
in<26>         |out<4>         |   11.027|
in<26>         |out<5>         |   10.935|
in<26>         |out<6>         |   11.201|
in<26>         |out<7>         |   10.529|
in<26>         |out<8>         |   11.585|
in<26>         |out<9>         |   11.770|
in<26>         |out<10>        |   11.476|
in<26>         |out<11>        |   11.608|
in<26>         |out<12>        |   11.787|
in<26>         |out<13>        |   11.634|
in<26>         |out<14>        |   11.130|
in<26>         |out<15>        |   11.578|
in<26>         |out<16>        |   12.727|
in<26>         |out<17>        |   11.394|
in<26>         |out<18>        |   12.613|
in<26>         |out<19>        |   10.700|
in<26>         |out<20>        |   12.987|
in<26>         |out<21>        |   11.123|
in<26>         |out<22>        |   11.942|
in<26>         |out<23>        |   10.563|
in<26>         |out<24>        |   10.405|
in<26>         |out<25>        |   12.259|
in<26>         |out<26>        |   13.388|
in<26>         |out<27>        |   12.932|
in<26>         |out<28>        |   13.387|
in<26>         |out<29>        |   11.717|
in<26>         |out<30>        |   12.036|
in<26>         |out<31>        |   12.972|
in<27>         |out<0>         |   12.270|
in<27>         |out<1>         |   12.296|
in<27>         |out<2>         |   12.489|
in<27>         |out<3>         |   11.353|
in<27>         |out<4>         |   10.845|
in<27>         |out<5>         |   11.375|
in<27>         |out<6>         |   11.221|
in<27>         |out<7>         |   11.411|
in<27>         |out<8>         |   11.403|
in<27>         |out<9>         |   12.210|
in<27>         |out<10>        |   11.496|
in<27>         |out<11>        |   10.651|
in<27>         |out<12>        |   11.605|
in<27>         |out<13>        |   12.074|
in<27>         |out<14>        |   11.150|
in<27>         |out<15>        |   11.362|
in<27>         |out<16>        |   12.545|
in<27>         |out<17>        |   11.834|
in<27>         |out<18>        |   12.633|
in<27>         |out<19>        |   11.400|
in<27>         |out<20>        |   12.805|
in<27>         |out<21>        |   11.563|
in<27>         |out<22>        |   11.962|
in<27>         |out<23>        |   11.445|
in<27>         |out<24>        |   10.223|
in<27>         |out<25>        |   12.699|
in<27>         |out<26>        |   13.176|
in<27>         |out<27>        |   12.338|
in<27>         |out<28>        |   13.360|
in<27>         |out<29>        |   11.675|
in<27>         |out<30>        |   11.717|
in<27>         |out<31>        |   12.378|
in<28>         |out<0>         |   12.282|
in<28>         |out<1>         |   12.244|
in<28>         |out<2>         |   12.314|
in<28>         |out<3>         |   11.729|
in<28>         |out<4>         |   10.887|
in<28>         |out<5>         |   11.323|
in<28>         |out<6>         |   11.046|
in<28>         |out<7>         |   11.787|
in<28>         |out<8>         |   11.415|
in<28>         |out<9>         |   12.158|
in<28>         |out<10>        |   11.321|
in<28>         |out<11>        |   11.027|
in<28>         |out<12>        |   11.463|
in<28>         |out<13>        |   12.022|
in<28>         |out<14>        |   10.975|
in<28>         |out<15>        |   11.738|
in<28>         |out<16>        |   12.557|
in<28>         |out<17>        |   11.782|
in<28>         |out<18>        |   12.458|
in<28>         |out<19>        |   11.776|
in<28>         |out<20>        |   12.847|
in<28>         |out<21>        |   11.511|
in<28>         |out<22>        |   11.787|
in<28>         |out<23>        |   11.821|
in<28>         |out<24>        |   10.494|
in<28>         |out<25>        |   12.647|
in<28>         |out<26>        |   13.001|
in<28>         |out<27>        |   11.506|
in<28>         |out<28>        |   13.122|
in<28>         |out<29>        |   11.452|
in<28>         |out<30>        |   11.691|
in<28>         |out<31>        |   12.557|
in<29>         |out<0>         |   12.098|
in<29>         |out<1>         |   11.613|
in<29>         |out<2>         |   12.804|
in<29>         |out<3>         |   11.718|
in<29>         |out<4>         |   10.703|
in<29>         |out<5>         |   10.896|
in<29>         |out<6>         |   11.536|
in<29>         |out<7>         |   11.776|
in<29>         |out<8>         |   11.231|
in<29>         |out<9>         |   11.527|
in<29>         |out<10>        |   11.811|
in<29>         |out<11>        |   11.016|
in<29>         |out<12>        |   11.279|
in<29>         |out<13>        |   10.603|
in<29>         |out<14>        |   11.465|
in<29>         |out<15>        |   11.727|
in<29>         |out<16>        |   12.373|
in<29>         |out<17>        |   11.151|
in<29>         |out<18>        |   12.948|
in<29>         |out<19>        |   11.765|
in<29>         |out<20>        |   12.663|
in<29>         |out<21>        |   11.084|
in<29>         |out<22>        |   12.277|
in<29>         |out<23>        |   11.810|
in<29>         |out<24>        |   10.310|
in<29>         |out<25>        |   12.016|
in<29>         |out<26>        |   13.491|
in<29>         |out<27>        |   11.495|
in<29>         |out<28>        |   10.591|
in<29>         |out<29>        |   11.196|
in<29>         |out<30>        |   11.238|
in<29>         |out<31>        |   12.152|
in<30>         |out<0>         |   12.522|
in<30>         |out<1>         |   12.024|
in<30>         |out<2>         |   12.326|
in<30>         |out<3>         |   12.129|
in<30>         |out<4>         |   11.127|
in<30>         |out<5>         |   11.307|
in<30>         |out<6>         |   11.664|
in<30>         |out<7>         |   12.187|
in<30>         |out<8>         |   11.655|
in<30>         |out<9>         |   11.938|
in<30>         |out<10>        |   11.333|
in<30>         |out<11>        |   11.427|
in<30>         |out<12>        |   11.703|
in<30>         |out<13>        |   11.014|
in<30>         |out<14>        |   11.250|
in<30>         |out<15>        |   12.138|
in<30>         |out<16>        |   12.797|
in<30>         |out<17>        |   11.562|
in<30>         |out<18>        |   12.470|
in<30>         |out<19>        |   12.176|
in<30>         |out<20>        |   13.087|
in<30>         |out<21>        |   11.495|
in<30>         |out<22>        |   12.405|
in<30>         |out<23>        |   12.221|
in<30>         |out<24>        |   10.734|
in<30>         |out<25>        |   12.427|
in<30>         |out<26>        |   13.013|
in<30>         |out<27>        |   11.906|
in<30>         |out<28>        |   11.015|
in<30>         |out<29>        |   10.979|
in<30>         |out<30>        |   11.494|
in<30>         |out<31>        |   12.360|
in<31>         |out<0>         |   12.767|
in<31>         |out<1>         |   11.803|
in<31>         |out<2>         |   12.155|
in<31>         |out<3>         |   12.857|
in<31>         |out<4>         |   11.372|
in<31>         |out<5>         |   10.918|
in<31>         |out<6>         |   12.215|
in<31>         |out<7>         |   11.276|
in<31>         |out<8>         |   11.900|
in<31>         |out<9>         |   11.717|
in<31>         |out<10>        |   11.501|
in<31>         |out<11>        |   11.027|
in<31>         |out<12>        |   11.948|
in<31>         |out<13>        |   12.171|
in<31>         |out<14>        |   11.531|
in<31>         |out<15>        |   11.526|
in<31>         |out<16>        |   13.042|
in<31>         |out<17>        |   11.601|
in<31>         |out<18>        |   12.387|
in<31>         |out<19>        |   12.904|
in<31>         |out<20>        |   13.332|
in<31>         |out<21>        |   12.050|
in<31>         |out<22>        |   12.956|
in<31>         |out<23>        |   11.502|
in<31>         |out<24>        |   10.979|
in<31>         |out<25>        |   12.459|
in<31>         |out<26>        |   13.088|
in<31>         |out<27>        |   11.740|
in<31>         |out<28>        |   11.260|
in<31>         |out<29>        |   11.647|
in<31>         |out<30>        |   11.698|
in<31>         |out<31>        |   12.662|
shamt<0>       |out<0>         |   13.709|
shamt<0>       |out<1>         |   16.201|
shamt<0>       |out<2>         |   15.336|
shamt<0>       |out<3>         |   13.482|
shamt<0>       |out<4>         |   13.432|
shamt<0>       |out<5>         |   14.638|
shamt<0>       |out<6>         |   15.434|
shamt<0>       |out<7>         |   14.206|
shamt<0>       |out<8>         |   14.755|
shamt<0>       |out<9>         |   16.068|
shamt<0>       |out<10>        |   16.092|
shamt<0>       |out<11>        |   15.100|
shamt<0>       |out<12>        |   14.854|
shamt<0>       |out<13>        |   15.462|
shamt<0>       |out<14>        |   15.997|
shamt<0>       |out<15>        |   14.455|
shamt<0>       |out<16>        |   14.658|
shamt<0>       |out<17>        |   15.688|
shamt<0>       |out<18>        |   15.829|
shamt<0>       |out<19>        |   13.377|
shamt<0>       |out<20>        |   15.118|
shamt<0>       |out<21>        |   15.789|
shamt<0>       |out<22>        |   16.885|
shamt<0>       |out<23>        |   14.659|
shamt<0>       |out<24>        |   14.504|
shamt<0>       |out<25>        |   16.198|
shamt<0>       |out<26>        |   16.682|
shamt<0>       |out<27>        |   14.833|
shamt<0>       |out<28>        |   15.778|
shamt<0>       |out<29>        |   16.167|
shamt<0>       |out<30>        |   16.284|
shamt<0>       |out<31>        |   14.363|
shamt<1>       |out<0>         |   14.302|
shamt<1>       |out<1>         |   15.158|
shamt<1>       |out<2>         |   15.372|
shamt<1>       |out<3>         |   14.153|
shamt<1>       |out<4>         |   13.521|
shamt<1>       |out<5>         |   14.352|
shamt<1>       |out<6>         |   14.391|
shamt<1>       |out<7>         |   14.286|
shamt<1>       |out<8>         |   14.373|
shamt<1>       |out<9>         |   15.025|
shamt<1>       |out<10>        |   15.049|
shamt<1>       |out<11>        |   15.180|
shamt<1>       |out<12>        |   13.747|
shamt<1>       |out<13>        |   14.419|
shamt<1>       |out<14>        |   14.954|
shamt<1>       |out<15>        |   14.535|
shamt<1>       |out<16>        |   14.435|
shamt<1>       |out<17>        |   14.645|
shamt<1>       |out<18>        |   14.786|
shamt<1>       |out<19>        |   13.457|
shamt<1>       |out<20>        |   14.958|
shamt<1>       |out<21>        |   14.874|
shamt<1>       |out<22>        |   15.842|
shamt<1>       |out<23>        |   14.739|
shamt<1>       |out<24>        |   14.189|
shamt<1>       |out<25>        |   15.155|
shamt<1>       |out<26>        |   15.639|
shamt<1>       |out<27>        |   14.913|
shamt<1>       |out<28>        |   14.683|
shamt<1>       |out<29>        |   15.124|
shamt<1>       |out<30>        |   15.241|
shamt<1>       |out<31>        |   14.443|
shamt<2>       |out<0>         |   12.515|
shamt<2>       |out<1>         |   13.341|
shamt<2>       |out<2>         |   12.367|
shamt<2>       |out<3>         |   11.369|
shamt<2>       |out<4>         |   12.304|
shamt<2>       |out<5>         |   13.466|
shamt<2>       |out<6>         |   12.508|
shamt<2>       |out<7>         |   11.912|
shamt<2>       |out<8>         |   13.723|
shamt<2>       |out<9>         |   13.356|
shamt<2>       |out<10>        |   12.391|
shamt<2>       |out<11>        |   12.786|
shamt<2>       |out<12>        |   13.187|
shamt<2>       |out<13>        |   13.081|
shamt<2>       |out<14>        |   13.435|
shamt<2>       |out<15>        |   13.717|
shamt<2>       |out<16>        |   13.652|
shamt<2>       |out<17>        |   13.391|
shamt<2>       |out<18>        |   12.754|
shamt<2>       |out<19>        |   12.480|
shamt<2>       |out<20>        |   13.479|
shamt<2>       |out<21>        |   13.091|
shamt<2>       |out<22>        |   13.192|
shamt<2>       |out<23>        |   12.148|
shamt<2>       |out<24>        |   13.472|
shamt<2>       |out<25>        |   13.109|
shamt<2>       |out<26>        |   13.009|
shamt<2>       |out<27>        |   12.519|
shamt<2>       |out<28>        |   14.111|
shamt<2>       |out<29>        |   13.786|
shamt<2>       |out<30>        |   13.722|
shamt<2>       |out<31>        |   13.625|
shamt<3>       |out<0>         |   11.684|
shamt<3>       |out<1>         |   12.018|
shamt<3>       |out<2>         |   12.559|
shamt<3>       |out<3>         |   11.822|
shamt<3>       |out<4>         |   12.144|
shamt<3>       |out<5>         |   12.817|
shamt<3>       |out<6>         |   11.751|
shamt<3>       |out<7>         |   11.954|
shamt<3>       |out<8>         |   12.774|
shamt<3>       |out<9>         |   12.154|
shamt<3>       |out<10>        |   11.212|
shamt<3>       |out<11>        |   13.066|
shamt<3>       |out<12>        |   12.494|
shamt<3>       |out<13>        |   12.615|
shamt<3>       |out<14>        |   12.788|
shamt<3>       |out<15>        |   12.889|
shamt<3>       |out<16>        |   13.349|
shamt<3>       |out<17>        |   12.638|
shamt<3>       |out<18>        |   12.443|
shamt<3>       |out<19>        |   11.530|
shamt<3>       |out<20>        |   13.040|
shamt<3>       |out<21>        |   12.233|
shamt<3>       |out<22>        |   12.659|
shamt<3>       |out<23>        |   11.948|
shamt<3>       |out<24>        |   13.165|
shamt<3>       |out<25>        |   12.284|
shamt<3>       |out<26>        |   13.075|
shamt<3>       |out<27>        |   12.799|
shamt<3>       |out<28>        |   13.865|
shamt<3>       |out<29>        |   13.320|
shamt<3>       |out<30>        |   13.075|
shamt<3>       |out<31>        |   12.797|
shamt<4>       |out<0>         |   12.065|
shamt<4>       |out<1>         |   12.350|
shamt<4>       |out<2>         |   11.306|
shamt<4>       |out<3>         |   10.312|
shamt<4>       |out<4>         |   11.526|
shamt<4>       |out<5>         |   11.042|
shamt<4>       |out<6>         |   10.898|
shamt<4>       |out<7>         |    9.980|
shamt<4>       |out<8>         |   11.062|
shamt<4>       |out<9>         |   10.508|
shamt<4>       |out<10>        |   10.126|
shamt<4>       |out<11>        |   11.150|
shamt<4>       |out<12>        |   10.639|
shamt<4>       |out<13>        |   10.702|
shamt<4>       |out<14>        |   10.655|
shamt<4>       |out<15>        |   11.300|
shamt<4>       |out<16>        |   13.239|
shamt<4>       |out<17>        |   12.268|
shamt<4>       |out<18>        |   12.687|
shamt<4>       |out<19>        |   12.017|
shamt<4>       |out<20>        |   13.405|
shamt<4>       |out<21>        |   12.461|
shamt<4>       |out<22>        |   13.228|
shamt<4>       |out<23>        |   12.891|
shamt<4>       |out<24>        |   13.128|
shamt<4>       |out<25>        |   12.083|
shamt<4>       |out<26>        |   12.619|
shamt<4>       |out<27>        |   11.364|
shamt<4>       |out<28>        |   12.806|
shamt<4>       |out<29>        |   11.292|
shamt<4>       |out<30>        |   11.153|
shamt<4>       |out<31>        |   11.112|
shamt<5>       |out<0>         |   12.566|
shamt<5>       |out<1>         |   11.527|
shamt<5>       |out<2>         |   12.246|
shamt<5>       |out<3>         |   14.278|
shamt<5>       |out<4>         |   12.231|
shamt<5>       |out<5>         |   13.651|
shamt<5>       |out<6>         |   13.788|
shamt<5>       |out<7>         |   12.323|
shamt<5>       |out<8>         |   12.591|
shamt<5>       |out<9>         |   12.116|
shamt<5>       |out<10>        |   12.397|
shamt<5>       |out<11>        |   11.923|
shamt<5>       |out<12>        |   11.400|
shamt<5>       |out<13>        |   13.067|
shamt<5>       |out<14>        |   12.427|
shamt<5>       |out<15>        |   12.388|
shamt<5>       |out<16>        |   13.452|
shamt<5>       |out<17>        |   12.463|
shamt<5>       |out<18>        |   13.249|
shamt<5>       |out<19>        |   13.255|
shamt<5>       |out<20>        |   12.899|
shamt<5>       |out<21>        |   12.912|
shamt<5>       |out<22>        |   13.093|
shamt<5>       |out<23>        |   12.364|
shamt<5>       |out<24>        |   14.625|
shamt<5>       |out<25>        |   13.321|
shamt<5>       |out<26>        |   12.209|
shamt<5>       |out<27>        |   12.602|
shamt<5>       |out<28>        |   14.303|
shamt<5>       |out<29>        |   12.509|
shamt<5>       |out<30>        |   12.391|
shamt<5>       |out<31>        |   12.830|
shamt<6>       |out<0>         |   12.557|
shamt<6>       |out<1>         |   11.518|
shamt<6>       |out<2>         |   12.237|
shamt<6>       |out<3>         |   14.269|
shamt<6>       |out<4>         |   12.222|
shamt<6>       |out<5>         |   13.642|
shamt<6>       |out<6>         |   13.779|
shamt<6>       |out<7>         |   12.314|
shamt<6>       |out<8>         |   12.582|
shamt<6>       |out<9>         |   12.107|
shamt<6>       |out<10>        |   12.388|
shamt<6>       |out<11>        |   11.914|
shamt<6>       |out<12>        |   11.391|
shamt<6>       |out<13>        |   13.058|
shamt<6>       |out<14>        |   12.418|
shamt<6>       |out<15>        |   12.379|
shamt<6>       |out<16>        |   13.443|
shamt<6>       |out<17>        |   12.454|
shamt<6>       |out<18>        |   13.240|
shamt<6>       |out<19>        |   13.246|
shamt<6>       |out<20>        |   12.890|
shamt<6>       |out<21>        |   12.903|
shamt<6>       |out<22>        |   13.084|
shamt<6>       |out<23>        |   12.355|
shamt<6>       |out<24>        |   14.616|
shamt<6>       |out<25>        |   13.312|
shamt<6>       |out<26>        |   12.200|
shamt<6>       |out<27>        |   12.593|
shamt<6>       |out<28>        |   14.294|
shamt<6>       |out<29>        |   12.500|
shamt<6>       |out<30>        |   12.382|
shamt<6>       |out<31>        |   12.821|
shamt<7>       |out<0>         |   12.373|
shamt<7>       |out<1>         |   11.334|
shamt<7>       |out<2>         |   12.053|
shamt<7>       |out<3>         |   14.085|
shamt<7>       |out<4>         |   12.038|
shamt<7>       |out<5>         |   13.458|
shamt<7>       |out<6>         |   13.595|
shamt<7>       |out<7>         |   12.130|
shamt<7>       |out<8>         |   12.398|
shamt<7>       |out<9>         |   11.923|
shamt<7>       |out<10>        |   12.204|
shamt<7>       |out<11>        |   11.730|
shamt<7>       |out<12>        |   11.207|
shamt<7>       |out<13>        |   12.874|
shamt<7>       |out<14>        |   12.234|
shamt<7>       |out<15>        |   12.195|
shamt<7>       |out<16>        |   13.259|
shamt<7>       |out<17>        |   12.270|
shamt<7>       |out<18>        |   13.056|
shamt<7>       |out<19>        |   13.062|
shamt<7>       |out<20>        |   12.706|
shamt<7>       |out<21>        |   12.719|
shamt<7>       |out<22>        |   12.900|
shamt<7>       |out<23>        |   12.171|
shamt<7>       |out<24>        |   14.432|
shamt<7>       |out<25>        |   13.128|
shamt<7>       |out<26>        |   12.016|
shamt<7>       |out<27>        |   12.409|
shamt<7>       |out<28>        |   14.110|
shamt<7>       |out<29>        |   12.316|
shamt<7>       |out<30>        |   12.198|
shamt<7>       |out<31>        |   12.637|
shamt<8>       |out<0>         |   12.322|
shamt<8>       |out<1>         |   11.283|
shamt<8>       |out<2>         |   12.002|
shamt<8>       |out<3>         |   14.034|
shamt<8>       |out<4>         |   11.987|
shamt<8>       |out<5>         |   13.407|
shamt<8>       |out<6>         |   13.544|
shamt<8>       |out<7>         |   12.079|
shamt<8>       |out<8>         |   12.347|
shamt<8>       |out<9>         |   11.872|
shamt<8>       |out<10>        |   12.153|
shamt<8>       |out<11>        |   11.679|
shamt<8>       |out<12>        |   11.156|
shamt<8>       |out<13>        |   12.823|
shamt<8>       |out<14>        |   12.183|
shamt<8>       |out<15>        |   12.144|
shamt<8>       |out<16>        |   13.208|
shamt<8>       |out<17>        |   12.219|
shamt<8>       |out<18>        |   13.005|
shamt<8>       |out<19>        |   13.011|
shamt<8>       |out<20>        |   12.655|
shamt<8>       |out<21>        |   12.668|
shamt<8>       |out<22>        |   12.849|
shamt<8>       |out<23>        |   12.120|
shamt<8>       |out<24>        |   14.381|
shamt<8>       |out<25>        |   13.077|
shamt<8>       |out<26>        |   11.965|
shamt<8>       |out<27>        |   12.358|
shamt<8>       |out<28>        |   14.059|
shamt<8>       |out<29>        |   12.265|
shamt<8>       |out<30>        |   12.147|
shamt<8>       |out<31>        |   12.586|
shamt<9>       |out<0>         |   13.423|
shamt<9>       |out<1>         |   12.384|
shamt<9>       |out<2>         |   13.103|
shamt<9>       |out<3>         |   15.135|
shamt<9>       |out<4>         |   13.088|
shamt<9>       |out<5>         |   14.508|
shamt<9>       |out<6>         |   14.645|
shamt<9>       |out<7>         |   13.180|
shamt<9>       |out<8>         |   13.448|
shamt<9>       |out<9>         |   12.973|
shamt<9>       |out<10>        |   13.254|
shamt<9>       |out<11>        |   12.780|
shamt<9>       |out<12>        |   12.257|
shamt<9>       |out<13>        |   13.924|
shamt<9>       |out<14>        |   13.284|
shamt<9>       |out<15>        |   13.245|
shamt<9>       |out<16>        |   14.309|
shamt<9>       |out<17>        |   13.320|
shamt<9>       |out<18>        |   14.106|
shamt<9>       |out<19>        |   14.112|
shamt<9>       |out<20>        |   13.756|
shamt<9>       |out<21>        |   13.769|
shamt<9>       |out<22>        |   13.950|
shamt<9>       |out<23>        |   13.221|
shamt<9>       |out<24>        |   15.482|
shamt<9>       |out<25>        |   14.178|
shamt<9>       |out<26>        |   13.066|
shamt<9>       |out<27>        |   13.459|
shamt<9>       |out<28>        |   15.160|
shamt<9>       |out<29>        |   13.366|
shamt<9>       |out<30>        |   13.248|
shamt<9>       |out<31>        |   13.687|
shamt<10>      |out<0>         |   13.232|
shamt<10>      |out<1>         |   12.193|
shamt<10>      |out<2>         |   12.912|
shamt<10>      |out<3>         |   14.944|
shamt<10>      |out<4>         |   12.897|
shamt<10>      |out<5>         |   14.317|
shamt<10>      |out<6>         |   14.454|
shamt<10>      |out<7>         |   12.989|
shamt<10>      |out<8>         |   13.257|
shamt<10>      |out<9>         |   12.782|
shamt<10>      |out<10>        |   13.063|
shamt<10>      |out<11>        |   12.589|
shamt<10>      |out<12>        |   12.066|
shamt<10>      |out<13>        |   13.733|
shamt<10>      |out<14>        |   13.093|
shamt<10>      |out<15>        |   13.054|
shamt<10>      |out<16>        |   14.118|
shamt<10>      |out<17>        |   13.129|
shamt<10>      |out<18>        |   13.915|
shamt<10>      |out<19>        |   13.921|
shamt<10>      |out<20>        |   13.565|
shamt<10>      |out<21>        |   13.578|
shamt<10>      |out<22>        |   13.759|
shamt<10>      |out<23>        |   13.030|
shamt<10>      |out<24>        |   15.291|
shamt<10>      |out<25>        |   13.987|
shamt<10>      |out<26>        |   12.875|
shamt<10>      |out<27>        |   13.268|
shamt<10>      |out<28>        |   14.969|
shamt<10>      |out<29>        |   13.175|
shamt<10>      |out<30>        |   13.057|
shamt<10>      |out<31>        |   13.496|
shamt<11>      |out<0>         |   12.715|
shamt<11>      |out<1>         |   11.676|
shamt<11>      |out<2>         |   12.395|
shamt<11>      |out<3>         |   14.427|
shamt<11>      |out<4>         |   12.380|
shamt<11>      |out<5>         |   13.800|
shamt<11>      |out<6>         |   13.937|
shamt<11>      |out<7>         |   12.472|
shamt<11>      |out<8>         |   12.740|
shamt<11>      |out<9>         |   12.265|
shamt<11>      |out<10>        |   12.546|
shamt<11>      |out<11>        |   12.072|
shamt<11>      |out<12>        |   11.549|
shamt<11>      |out<13>        |   13.216|
shamt<11>      |out<14>        |   12.576|
shamt<11>      |out<15>        |   12.537|
shamt<11>      |out<16>        |   13.601|
shamt<11>      |out<17>        |   12.612|
shamt<11>      |out<18>        |   13.398|
shamt<11>      |out<19>        |   13.404|
shamt<11>      |out<20>        |   13.048|
shamt<11>      |out<21>        |   13.061|
shamt<11>      |out<22>        |   13.242|
shamt<11>      |out<23>        |   12.513|
shamt<11>      |out<24>        |   14.774|
shamt<11>      |out<25>        |   13.470|
shamt<11>      |out<26>        |   12.358|
shamt<11>      |out<27>        |   12.751|
shamt<11>      |out<28>        |   14.452|
shamt<11>      |out<29>        |   12.658|
shamt<11>      |out<30>        |   12.540|
shamt<11>      |out<31>        |   12.979|
shamt<12>      |out<0>         |   12.921|
shamt<12>      |out<1>         |   11.882|
shamt<12>      |out<2>         |   12.601|
shamt<12>      |out<3>         |   14.633|
shamt<12>      |out<4>         |   12.586|
shamt<12>      |out<5>         |   14.006|
shamt<12>      |out<6>         |   14.143|
shamt<12>      |out<7>         |   12.678|
shamt<12>      |out<8>         |   12.946|
shamt<12>      |out<9>         |   12.471|
shamt<12>      |out<10>        |   12.752|
shamt<12>      |out<11>        |   12.278|
shamt<12>      |out<12>        |   11.755|
shamt<12>      |out<13>        |   13.422|
shamt<12>      |out<14>        |   12.782|
shamt<12>      |out<15>        |   12.743|
shamt<12>      |out<16>        |   13.807|
shamt<12>      |out<17>        |   12.818|
shamt<12>      |out<18>        |   13.604|
shamt<12>      |out<19>        |   13.610|
shamt<12>      |out<20>        |   13.254|
shamt<12>      |out<21>        |   13.267|
shamt<12>      |out<22>        |   13.448|
shamt<12>      |out<23>        |   12.719|
shamt<12>      |out<24>        |   14.980|
shamt<12>      |out<25>        |   13.676|
shamt<12>      |out<26>        |   12.564|
shamt<12>      |out<27>        |   12.957|
shamt<12>      |out<28>        |   14.658|
shamt<12>      |out<29>        |   12.864|
shamt<12>      |out<30>        |   12.746|
shamt<12>      |out<31>        |   13.185|
shamt<13>      |out<0>         |   12.996|
shamt<13>      |out<1>         |   11.957|
shamt<13>      |out<2>         |   12.676|
shamt<13>      |out<3>         |   14.708|
shamt<13>      |out<4>         |   12.661|
shamt<13>      |out<5>         |   14.081|
shamt<13>      |out<6>         |   14.218|
shamt<13>      |out<7>         |   12.753|
shamt<13>      |out<8>         |   13.021|
shamt<13>      |out<9>         |   12.546|
shamt<13>      |out<10>        |   12.827|
shamt<13>      |out<11>        |   12.353|
shamt<13>      |out<12>        |   11.830|
shamt<13>      |out<13>        |   13.497|
shamt<13>      |out<14>        |   12.857|
shamt<13>      |out<15>        |   12.818|
shamt<13>      |out<16>        |   13.882|
shamt<13>      |out<17>        |   12.893|
shamt<13>      |out<18>        |   13.679|
shamt<13>      |out<19>        |   13.685|
shamt<13>      |out<20>        |   13.329|
shamt<13>      |out<21>        |   13.342|
shamt<13>      |out<22>        |   13.523|
shamt<13>      |out<23>        |   12.794|
shamt<13>      |out<24>        |   15.055|
shamt<13>      |out<25>        |   13.751|
shamt<13>      |out<26>        |   12.639|
shamt<13>      |out<27>        |   13.032|
shamt<13>      |out<28>        |   14.733|
shamt<13>      |out<29>        |   12.939|
shamt<13>      |out<30>        |   12.821|
shamt<13>      |out<31>        |   13.260|
shamt<14>      |out<0>         |   12.831|
shamt<14>      |out<1>         |   11.792|
shamt<14>      |out<2>         |   12.511|
shamt<14>      |out<3>         |   14.543|
shamt<14>      |out<4>         |   12.496|
shamt<14>      |out<5>         |   13.916|
shamt<14>      |out<6>         |   14.053|
shamt<14>      |out<7>         |   12.588|
shamt<14>      |out<8>         |   12.856|
shamt<14>      |out<9>         |   12.381|
shamt<14>      |out<10>        |   12.662|
shamt<14>      |out<11>        |   12.188|
shamt<14>      |out<12>        |   11.665|
shamt<14>      |out<13>        |   13.332|
shamt<14>      |out<14>        |   12.692|
shamt<14>      |out<15>        |   12.653|
shamt<14>      |out<16>        |   13.717|
shamt<14>      |out<17>        |   12.728|
shamt<14>      |out<18>        |   13.514|
shamt<14>      |out<19>        |   13.520|
shamt<14>      |out<20>        |   13.164|
shamt<14>      |out<21>        |   13.177|
shamt<14>      |out<22>        |   13.358|
shamt<14>      |out<23>        |   12.629|
shamt<14>      |out<24>        |   14.890|
shamt<14>      |out<25>        |   13.586|
shamt<14>      |out<26>        |   12.474|
shamt<14>      |out<27>        |   12.867|
shamt<14>      |out<28>        |   14.568|
shamt<14>      |out<29>        |   12.774|
shamt<14>      |out<30>        |   12.656|
shamt<14>      |out<31>        |   13.095|
shamt<15>      |out<0>         |   12.562|
shamt<15>      |out<1>         |   11.523|
shamt<15>      |out<2>         |   12.242|
shamt<15>      |out<3>         |   14.274|
shamt<15>      |out<4>         |   12.227|
shamt<15>      |out<5>         |   13.647|
shamt<15>      |out<6>         |   13.784|
shamt<15>      |out<7>         |   12.319|
shamt<15>      |out<8>         |   12.587|
shamt<15>      |out<9>         |   12.112|
shamt<15>      |out<10>        |   12.393|
shamt<15>      |out<11>        |   11.919|
shamt<15>      |out<12>        |   11.396|
shamt<15>      |out<13>        |   13.063|
shamt<15>      |out<14>        |   12.423|
shamt<15>      |out<15>        |   12.384|
shamt<15>      |out<16>        |   13.448|
shamt<15>      |out<17>        |   12.459|
shamt<15>      |out<18>        |   13.245|
shamt<15>      |out<19>        |   13.251|
shamt<15>      |out<20>        |   12.895|
shamt<15>      |out<21>        |   12.908|
shamt<15>      |out<22>        |   13.089|
shamt<15>      |out<23>        |   12.360|
shamt<15>      |out<24>        |   14.621|
shamt<15>      |out<25>        |   13.317|
shamt<15>      |out<26>        |   12.205|
shamt<15>      |out<27>        |   12.598|
shamt<15>      |out<28>        |   14.299|
shamt<15>      |out<29>        |   12.505|
shamt<15>      |out<30>        |   12.387|
shamt<15>      |out<31>        |   12.826|
shamt<16>      |out<0>         |   12.331|
shamt<16>      |out<1>         |   11.292|
shamt<16>      |out<2>         |   12.011|
shamt<16>      |out<3>         |   14.043|
shamt<16>      |out<4>         |   11.996|
shamt<16>      |out<5>         |   13.416|
shamt<16>      |out<6>         |   13.553|
shamt<16>      |out<7>         |   12.088|
shamt<16>      |out<8>         |   12.356|
shamt<16>      |out<9>         |   11.881|
shamt<16>      |out<10>        |   12.162|
shamt<16>      |out<11>        |   11.688|
shamt<16>      |out<12>        |   11.165|
shamt<16>      |out<13>        |   12.832|
shamt<16>      |out<14>        |   12.192|
shamt<16>      |out<15>        |   12.153|
shamt<16>      |out<16>        |   13.217|
shamt<16>      |out<17>        |   12.228|
shamt<16>      |out<18>        |   13.014|
shamt<16>      |out<19>        |   13.020|
shamt<16>      |out<20>        |   12.664|
shamt<16>      |out<21>        |   12.677|
shamt<16>      |out<22>        |   12.858|
shamt<16>      |out<23>        |   12.129|
shamt<16>      |out<24>        |   14.390|
shamt<16>      |out<25>        |   13.086|
shamt<16>      |out<26>        |   11.974|
shamt<16>      |out<27>        |   12.367|
shamt<16>      |out<28>        |   14.068|
shamt<16>      |out<29>        |   12.274|
shamt<16>      |out<30>        |   12.156|
shamt<16>      |out<31>        |   12.595|
shamt<17>      |out<0>         |   12.770|
shamt<17>      |out<1>         |   11.731|
shamt<17>      |out<2>         |   12.450|
shamt<17>      |out<3>         |   14.482|
shamt<17>      |out<4>         |   12.435|
shamt<17>      |out<5>         |   13.855|
shamt<17>      |out<6>         |   13.992|
shamt<17>      |out<7>         |   12.527|
shamt<17>      |out<8>         |   12.795|
shamt<17>      |out<9>         |   12.320|
shamt<17>      |out<10>        |   12.601|
shamt<17>      |out<11>        |   12.127|
shamt<17>      |out<12>        |   11.604|
shamt<17>      |out<13>        |   13.271|
shamt<17>      |out<14>        |   12.631|
shamt<17>      |out<15>        |   12.592|
shamt<17>      |out<16>        |   13.656|
shamt<17>      |out<17>        |   12.667|
shamt<17>      |out<18>        |   13.453|
shamt<17>      |out<19>        |   13.459|
shamt<17>      |out<20>        |   13.103|
shamt<17>      |out<21>        |   13.116|
shamt<17>      |out<22>        |   13.297|
shamt<17>      |out<23>        |   12.568|
shamt<17>      |out<24>        |   14.829|
shamt<17>      |out<25>        |   13.525|
shamt<17>      |out<26>        |   12.413|
shamt<17>      |out<27>        |   12.806|
shamt<17>      |out<28>        |   14.507|
shamt<17>      |out<29>        |   12.713|
shamt<17>      |out<30>        |   12.595|
shamt<17>      |out<31>        |   13.034|
shamt<18>      |out<0>         |   12.352|
shamt<18>      |out<1>         |   11.313|
shamt<18>      |out<2>         |   12.032|
shamt<18>      |out<3>         |   14.064|
shamt<18>      |out<4>         |   12.017|
shamt<18>      |out<5>         |   13.437|
shamt<18>      |out<6>         |   13.574|
shamt<18>      |out<7>         |   12.109|
shamt<18>      |out<8>         |   12.377|
shamt<18>      |out<9>         |   11.902|
shamt<18>      |out<10>        |   12.183|
shamt<18>      |out<11>        |   11.709|
shamt<18>      |out<12>        |   11.186|
shamt<18>      |out<13>        |   12.853|
shamt<18>      |out<14>        |   12.213|
shamt<18>      |out<15>        |   12.174|
shamt<18>      |out<16>        |   13.238|
shamt<18>      |out<17>        |   12.249|
shamt<18>      |out<18>        |   13.035|
shamt<18>      |out<19>        |   13.041|
shamt<18>      |out<20>        |   12.685|
shamt<18>      |out<21>        |   12.698|
shamt<18>      |out<22>        |   12.879|
shamt<18>      |out<23>        |   12.150|
shamt<18>      |out<24>        |   14.411|
shamt<18>      |out<25>        |   13.107|
shamt<18>      |out<26>        |   11.995|
shamt<18>      |out<27>        |   12.388|
shamt<18>      |out<28>        |   14.089|
shamt<18>      |out<29>        |   12.295|
shamt<18>      |out<30>        |   12.177|
shamt<18>      |out<31>        |   12.616|
shamt<19>      |out<0>         |   13.080|
shamt<19>      |out<1>         |   12.041|
shamt<19>      |out<2>         |   12.760|
shamt<19>      |out<3>         |   14.792|
shamt<19>      |out<4>         |   12.745|
shamt<19>      |out<5>         |   14.165|
shamt<19>      |out<6>         |   14.302|
shamt<19>      |out<7>         |   12.837|
shamt<19>      |out<8>         |   13.105|
shamt<19>      |out<9>         |   12.630|
shamt<19>      |out<10>        |   12.911|
shamt<19>      |out<11>        |   12.437|
shamt<19>      |out<12>        |   11.914|
shamt<19>      |out<13>        |   13.581|
shamt<19>      |out<14>        |   12.941|
shamt<19>      |out<15>        |   12.902|
shamt<19>      |out<16>        |   13.966|
shamt<19>      |out<17>        |   12.977|
shamt<19>      |out<18>        |   13.763|
shamt<19>      |out<19>        |   13.769|
shamt<19>      |out<20>        |   13.413|
shamt<19>      |out<21>        |   13.426|
shamt<19>      |out<22>        |   13.607|
shamt<19>      |out<23>        |   12.878|
shamt<19>      |out<24>        |   15.139|
shamt<19>      |out<25>        |   13.835|
shamt<19>      |out<26>        |   12.723|
shamt<19>      |out<27>        |   13.116|
shamt<19>      |out<28>        |   14.817|
shamt<19>      |out<29>        |   13.023|
shamt<19>      |out<30>        |   12.905|
shamt<19>      |out<31>        |   13.344|
shamt<20>      |out<0>         |   13.425|
shamt<20>      |out<1>         |   12.386|
shamt<20>      |out<2>         |   13.105|
shamt<20>      |out<3>         |   15.137|
shamt<20>      |out<4>         |   13.090|
shamt<20>      |out<5>         |   14.510|
shamt<20>      |out<6>         |   14.647|
shamt<20>      |out<7>         |   13.182|
shamt<20>      |out<8>         |   13.450|
shamt<20>      |out<9>         |   12.975|
shamt<20>      |out<10>        |   13.256|
shamt<20>      |out<11>        |   12.782|
shamt<20>      |out<12>        |   12.259|
shamt<20>      |out<13>        |   13.926|
shamt<20>      |out<14>        |   13.286|
shamt<20>      |out<15>        |   13.247|
shamt<20>      |out<16>        |   14.311|
shamt<20>      |out<17>        |   13.322|
shamt<20>      |out<18>        |   14.108|
shamt<20>      |out<19>        |   14.114|
shamt<20>      |out<20>        |   13.758|
shamt<20>      |out<21>        |   13.771|
shamt<20>      |out<22>        |   13.952|
shamt<20>      |out<23>        |   13.223|
shamt<20>      |out<24>        |   15.484|
shamt<20>      |out<25>        |   14.180|
shamt<20>      |out<26>        |   13.068|
shamt<20>      |out<27>        |   13.461|
shamt<20>      |out<28>        |   15.162|
shamt<20>      |out<29>        |   13.368|
shamt<20>      |out<30>        |   13.250|
shamt<20>      |out<31>        |   13.689|
shamt<21>      |out<0>         |   12.578|
shamt<21>      |out<1>         |   11.539|
shamt<21>      |out<2>         |   12.258|
shamt<21>      |out<3>         |   14.290|
shamt<21>      |out<4>         |   12.243|
shamt<21>      |out<5>         |   13.663|
shamt<21>      |out<6>         |   13.800|
shamt<21>      |out<7>         |   12.335|
shamt<21>      |out<8>         |   12.603|
shamt<21>      |out<9>         |   12.128|
shamt<21>      |out<10>        |   12.409|
shamt<21>      |out<11>        |   11.935|
shamt<21>      |out<12>        |   11.412|
shamt<21>      |out<13>        |   13.079|
shamt<21>      |out<14>        |   12.439|
shamt<21>      |out<15>        |   12.400|
shamt<21>      |out<16>        |   13.464|
shamt<21>      |out<17>        |   12.475|
shamt<21>      |out<18>        |   13.261|
shamt<21>      |out<19>        |   13.267|
shamt<21>      |out<20>        |   12.911|
shamt<21>      |out<21>        |   12.924|
shamt<21>      |out<22>        |   13.105|
shamt<21>      |out<23>        |   12.376|
shamt<21>      |out<24>        |   14.637|
shamt<21>      |out<25>        |   13.333|
shamt<21>      |out<26>        |   12.221|
shamt<21>      |out<27>        |   12.614|
shamt<21>      |out<28>        |   14.315|
shamt<21>      |out<29>        |   12.521|
shamt<21>      |out<30>        |   12.403|
shamt<21>      |out<31>        |   12.842|
shamt<22>      |out<0>         |   13.292|
shamt<22>      |out<1>         |   12.253|
shamt<22>      |out<2>         |   12.972|
shamt<22>      |out<3>         |   15.004|
shamt<22>      |out<4>         |   12.957|
shamt<22>      |out<5>         |   14.377|
shamt<22>      |out<6>         |   14.514|
shamt<22>      |out<7>         |   13.049|
shamt<22>      |out<8>         |   13.317|
shamt<22>      |out<9>         |   12.842|
shamt<22>      |out<10>        |   13.123|
shamt<22>      |out<11>        |   12.649|
shamt<22>      |out<12>        |   12.126|
shamt<22>      |out<13>        |   13.793|
shamt<22>      |out<14>        |   13.153|
shamt<22>      |out<15>        |   13.114|
shamt<22>      |out<16>        |   14.178|
shamt<22>      |out<17>        |   13.189|
shamt<22>      |out<18>        |   13.975|
shamt<22>      |out<19>        |   13.981|
shamt<22>      |out<20>        |   13.625|
shamt<22>      |out<21>        |   13.638|
shamt<22>      |out<22>        |   13.819|
shamt<22>      |out<23>        |   13.090|
shamt<22>      |out<24>        |   15.351|
shamt<22>      |out<25>        |   14.047|
shamt<22>      |out<26>        |   12.935|
shamt<22>      |out<27>        |   13.328|
shamt<22>      |out<28>        |   15.029|
shamt<22>      |out<29>        |   13.235|
shamt<22>      |out<30>        |   13.117|
shamt<22>      |out<31>        |   13.556|
shamt<23>      |out<0>         |   13.136|
shamt<23>      |out<1>         |   12.097|
shamt<23>      |out<2>         |   12.816|
shamt<23>      |out<3>         |   14.848|
shamt<23>      |out<4>         |   12.801|
shamt<23>      |out<5>         |   14.221|
shamt<23>      |out<6>         |   14.358|
shamt<23>      |out<7>         |   12.893|
shamt<23>      |out<8>         |   13.161|
shamt<23>      |out<9>         |   12.686|
shamt<23>      |out<10>        |   12.967|
shamt<23>      |out<11>        |   12.493|
shamt<23>      |out<12>        |   11.970|
shamt<23>      |out<13>        |   13.637|
shamt<23>      |out<14>        |   12.997|
shamt<23>      |out<15>        |   12.958|
shamt<23>      |out<16>        |   14.022|
shamt<23>      |out<17>        |   13.033|
shamt<23>      |out<18>        |   13.819|
shamt<23>      |out<19>        |   13.825|
shamt<23>      |out<20>        |   13.469|
shamt<23>      |out<21>        |   13.482|
shamt<23>      |out<22>        |   13.663|
shamt<23>      |out<23>        |   12.934|
shamt<23>      |out<24>        |   15.195|
shamt<23>      |out<25>        |   13.891|
shamt<23>      |out<26>        |   12.779|
shamt<23>      |out<27>        |   13.172|
shamt<23>      |out<28>        |   14.873|
shamt<23>      |out<29>        |   13.079|
shamt<23>      |out<30>        |   12.961|
shamt<23>      |out<31>        |   13.400|
shamt<24>      |out<0>         |   13.258|
shamt<24>      |out<1>         |   12.219|
shamt<24>      |out<2>         |   12.938|
shamt<24>      |out<3>         |   14.970|
shamt<24>      |out<4>         |   12.923|
shamt<24>      |out<5>         |   14.343|
shamt<24>      |out<6>         |   14.480|
shamt<24>      |out<7>         |   13.015|
shamt<24>      |out<8>         |   13.283|
shamt<24>      |out<9>         |   12.808|
shamt<24>      |out<10>        |   13.089|
shamt<24>      |out<11>        |   12.615|
shamt<24>      |out<12>        |   12.092|
shamt<24>      |out<13>        |   13.759|
shamt<24>      |out<14>        |   13.119|
shamt<24>      |out<15>        |   13.080|
shamt<24>      |out<16>        |   14.144|
shamt<24>      |out<17>        |   13.155|
shamt<24>      |out<18>        |   13.941|
shamt<24>      |out<19>        |   13.947|
shamt<24>      |out<20>        |   13.591|
shamt<24>      |out<21>        |   13.604|
shamt<24>      |out<22>        |   13.785|
shamt<24>      |out<23>        |   13.056|
shamt<24>      |out<24>        |   15.317|
shamt<24>      |out<25>        |   14.013|
shamt<24>      |out<26>        |   12.901|
shamt<24>      |out<27>        |   13.294|
shamt<24>      |out<28>        |   14.995|
shamt<24>      |out<29>        |   13.201|
shamt<24>      |out<30>        |   13.083|
shamt<24>      |out<31>        |   13.522|
shamt<25>      |out<0>         |   13.033|
shamt<25>      |out<1>         |   11.994|
shamt<25>      |out<2>         |   12.713|
shamt<25>      |out<3>         |   14.745|
shamt<25>      |out<4>         |   12.698|
shamt<25>      |out<5>         |   14.118|
shamt<25>      |out<6>         |   14.255|
shamt<25>      |out<7>         |   12.790|
shamt<25>      |out<8>         |   13.058|
shamt<25>      |out<9>         |   12.583|
shamt<25>      |out<10>        |   12.864|
shamt<25>      |out<11>        |   12.390|
shamt<25>      |out<12>        |   11.867|
shamt<25>      |out<13>        |   13.534|
shamt<25>      |out<14>        |   12.894|
shamt<25>      |out<15>        |   12.855|
shamt<25>      |out<16>        |   13.919|
shamt<25>      |out<17>        |   12.930|
shamt<25>      |out<18>        |   13.716|
shamt<25>      |out<19>        |   13.722|
shamt<25>      |out<20>        |   13.366|
shamt<25>      |out<21>        |   13.379|
shamt<25>      |out<22>        |   13.560|
shamt<25>      |out<23>        |   12.831|
shamt<25>      |out<24>        |   15.092|
shamt<25>      |out<25>        |   13.788|
shamt<25>      |out<26>        |   12.676|
shamt<25>      |out<27>        |   13.069|
shamt<25>      |out<28>        |   14.770|
shamt<25>      |out<29>        |   12.976|
shamt<25>      |out<30>        |   12.858|
shamt<25>      |out<31>        |   13.297|
shamt<26>      |out<0>         |   12.841|
shamt<26>      |out<1>         |   11.802|
shamt<26>      |out<2>         |   12.521|
shamt<26>      |out<3>         |   14.553|
shamt<26>      |out<4>         |   12.506|
shamt<26>      |out<5>         |   13.926|
shamt<26>      |out<6>         |   14.063|
shamt<26>      |out<7>         |   12.598|
shamt<26>      |out<8>         |   12.866|
shamt<26>      |out<9>         |   12.391|
shamt<26>      |out<10>        |   12.672|
shamt<26>      |out<11>        |   12.198|
shamt<26>      |out<12>        |   11.675|
shamt<26>      |out<13>        |   13.342|
shamt<26>      |out<14>        |   12.702|
shamt<26>      |out<15>        |   12.663|
shamt<26>      |out<16>        |   13.727|
shamt<26>      |out<17>        |   12.738|
shamt<26>      |out<18>        |   13.524|
shamt<26>      |out<19>        |   13.530|
shamt<26>      |out<20>        |   13.174|
shamt<26>      |out<21>        |   13.187|
shamt<26>      |out<22>        |   13.368|
shamt<26>      |out<23>        |   12.639|
shamt<26>      |out<24>        |   14.900|
shamt<26>      |out<25>        |   13.596|
shamt<26>      |out<26>        |   12.484|
shamt<26>      |out<27>        |   12.877|
shamt<26>      |out<28>        |   14.578|
shamt<26>      |out<29>        |   12.784|
shamt<26>      |out<30>        |   12.666|
shamt<26>      |out<31>        |   13.105|
shamt<27>      |out<0>         |   12.976|
shamt<27>      |out<1>         |   11.937|
shamt<27>      |out<2>         |   12.656|
shamt<27>      |out<3>         |   14.688|
shamt<27>      |out<4>         |   12.641|
shamt<27>      |out<5>         |   14.061|
shamt<27>      |out<6>         |   14.198|
shamt<27>      |out<7>         |   12.733|
shamt<27>      |out<8>         |   13.001|
shamt<27>      |out<9>         |   12.526|
shamt<27>      |out<10>        |   12.807|
shamt<27>      |out<11>        |   12.333|
shamt<27>      |out<12>        |   11.810|
shamt<27>      |out<13>        |   13.477|
shamt<27>      |out<14>        |   12.837|
shamt<27>      |out<15>        |   12.798|
shamt<27>      |out<16>        |   13.862|
shamt<27>      |out<17>        |   12.873|
shamt<27>      |out<18>        |   13.659|
shamt<27>      |out<19>        |   13.665|
shamt<27>      |out<20>        |   13.309|
shamt<27>      |out<21>        |   13.322|
shamt<27>      |out<22>        |   13.503|
shamt<27>      |out<23>        |   12.774|
shamt<27>      |out<24>        |   15.035|
shamt<27>      |out<25>        |   13.731|
shamt<27>      |out<26>        |   12.619|
shamt<27>      |out<27>        |   13.012|
shamt<27>      |out<28>        |   14.713|
shamt<27>      |out<29>        |   12.919|
shamt<27>      |out<30>        |   12.801|
shamt<27>      |out<31>        |   13.240|
shamt<28>      |out<0>         |   13.383|
shamt<28>      |out<1>         |   12.344|
shamt<28>      |out<2>         |   13.063|
shamt<28>      |out<3>         |   15.095|
shamt<28>      |out<4>         |   13.048|
shamt<28>      |out<5>         |   14.468|
shamt<28>      |out<6>         |   14.605|
shamt<28>      |out<7>         |   13.140|
shamt<28>      |out<8>         |   13.408|
shamt<28>      |out<9>         |   12.933|
shamt<28>      |out<10>        |   13.214|
shamt<28>      |out<11>        |   12.740|
shamt<28>      |out<12>        |   12.217|
shamt<28>      |out<13>        |   13.884|
shamt<28>      |out<14>        |   13.244|
shamt<28>      |out<15>        |   13.205|
shamt<28>      |out<16>        |   14.269|
shamt<28>      |out<17>        |   13.280|
shamt<28>      |out<18>        |   14.066|
shamt<28>      |out<19>        |   14.072|
shamt<28>      |out<20>        |   13.716|
shamt<28>      |out<21>        |   13.729|
shamt<28>      |out<22>        |   13.910|
shamt<28>      |out<23>        |   13.181|
shamt<28>      |out<24>        |   15.442|
shamt<28>      |out<25>        |   14.138|
shamt<28>      |out<26>        |   13.026|
shamt<28>      |out<27>        |   13.419|
shamt<28>      |out<28>        |   15.120|
shamt<28>      |out<29>        |   13.326|
shamt<28>      |out<30>        |   13.208|
shamt<28>      |out<31>        |   13.647|
shamt<29>      |out<0>         |   13.341|
shamt<29>      |out<1>         |   12.302|
shamt<29>      |out<2>         |   13.021|
shamt<29>      |out<3>         |   15.053|
shamt<29>      |out<4>         |   13.006|
shamt<29>      |out<5>         |   14.426|
shamt<29>      |out<6>         |   14.563|
shamt<29>      |out<7>         |   13.098|
shamt<29>      |out<8>         |   13.366|
shamt<29>      |out<9>         |   12.891|
shamt<29>      |out<10>        |   13.172|
shamt<29>      |out<11>        |   12.698|
shamt<29>      |out<12>        |   12.175|
shamt<29>      |out<13>        |   13.842|
shamt<29>      |out<14>        |   13.202|
shamt<29>      |out<15>        |   13.163|
shamt<29>      |out<16>        |   14.227|
shamt<29>      |out<17>        |   13.238|
shamt<29>      |out<18>        |   14.024|
shamt<29>      |out<19>        |   14.030|
shamt<29>      |out<20>        |   13.674|
shamt<29>      |out<21>        |   13.687|
shamt<29>      |out<22>        |   13.868|
shamt<29>      |out<23>        |   13.139|
shamt<29>      |out<24>        |   15.400|
shamt<29>      |out<25>        |   14.096|
shamt<29>      |out<26>        |   12.984|
shamt<29>      |out<27>        |   13.377|
shamt<29>      |out<28>        |   15.078|
shamt<29>      |out<29>        |   13.284|
shamt<29>      |out<30>        |   13.166|
shamt<29>      |out<31>        |   13.605|
shamt<30>      |out<0>         |   12.659|
shamt<30>      |out<1>         |   11.620|
shamt<30>      |out<2>         |   12.339|
shamt<30>      |out<3>         |   14.371|
shamt<30>      |out<4>         |   12.324|
shamt<30>      |out<5>         |   13.744|
shamt<30>      |out<6>         |   13.881|
shamt<30>      |out<7>         |   12.416|
shamt<30>      |out<8>         |   12.684|
shamt<30>      |out<9>         |   12.209|
shamt<30>      |out<10>        |   12.490|
shamt<30>      |out<11>        |   12.016|
shamt<30>      |out<12>        |   11.493|
shamt<30>      |out<13>        |   13.160|
shamt<30>      |out<14>        |   12.520|
shamt<30>      |out<15>        |   12.481|
shamt<30>      |out<16>        |   13.545|
shamt<30>      |out<17>        |   12.556|
shamt<30>      |out<18>        |   13.342|
shamt<30>      |out<19>        |   13.348|
shamt<30>      |out<20>        |   12.992|
shamt<30>      |out<21>        |   13.005|
shamt<30>      |out<22>        |   13.186|
shamt<30>      |out<23>        |   12.457|
shamt<30>      |out<24>        |   14.718|
shamt<30>      |out<25>        |   13.414|
shamt<30>      |out<26>        |   12.302|
shamt<30>      |out<27>        |   12.695|
shamt<30>      |out<28>        |   14.396|
shamt<30>      |out<29>        |   12.602|
shamt<30>      |out<30>        |   12.484|
shamt<30>      |out<31>        |   12.923|
shamt<31>      |out<0>         |   12.809|
shamt<31>      |out<1>         |   11.770|
shamt<31>      |out<2>         |   12.489|
shamt<31>      |out<3>         |   14.521|
shamt<31>      |out<4>         |   12.474|
shamt<31>      |out<5>         |   13.894|
shamt<31>      |out<6>         |   14.031|
shamt<31>      |out<7>         |   12.566|
shamt<31>      |out<8>         |   12.834|
shamt<31>      |out<9>         |   12.359|
shamt<31>      |out<10>        |   12.640|
shamt<31>      |out<11>        |   12.166|
shamt<31>      |out<12>        |   11.643|
shamt<31>      |out<13>        |   13.310|
shamt<31>      |out<14>        |   12.670|
shamt<31>      |out<15>        |   12.631|
shamt<31>      |out<16>        |   13.695|
shamt<31>      |out<17>        |   12.706|
shamt<31>      |out<18>        |   13.492|
shamt<31>      |out<19>        |   13.498|
shamt<31>      |out<20>        |   13.142|
shamt<31>      |out<21>        |   13.155|
shamt<31>      |out<22>        |   13.336|
shamt<31>      |out<23>        |   12.607|
shamt<31>      |out<24>        |   14.868|
shamt<31>      |out<25>        |   13.564|
shamt<31>      |out<26>        |   12.452|
shamt<31>      |out<27>        |   12.845|
shamt<31>      |out<28>        |   14.546|
shamt<31>      |out<29>        |   12.752|
shamt<31>      |out<30>        |   12.634|
shamt<31>      |out<31>        |   13.073|
---------------+---------------+---------+


Analysis completed Sun Nov  7 21:02:45 2021 
--------------------------------------------------------------------------------

Trace Settings:
-------------------------
Trace Settings 

Peak Memory Usage: 754 MB



